Microchip MPLAB XC8 Compiler V2.32

Linker command line:

-W-3 --edf=C:\Program Files\Microchip\xc8\v2.32\pic\dat\en_msgs.txt -cn \
  -h+dist/default/production\Lab0.X.production.sym \
  --cmf=dist/default/production\Lab0.X.production.cmf -z -Q16F887 \
  -oC:\Users\fjltu\AppData\Local\Temp\xcAsfp0.4 --defsym=__MPLAB_BUILD=1 \
  -Mdist/default/production/Lab0.X.production.map -E1 -ver=XC8 Compiler \
  --acfsm=1493 -ASTACK=0110h-016Fh -pstack=STACK -ACODE=00h-07FFhx4 \
  -ASTRCODE=00h-01FFFh -ASTRING=00h-0FFhx32 -ACONST=00h-0FFhx32 \
  -AENTRY=00h-0FFhx32 -ACOMMON=070h-07Fh -ABANK0=020h-06Fh \
  -ABANK1=0A0h-0EFh -ABANK2=0110h-016Fh -ABANK3=0190h-01EFh \
  -ARAM=020h-06Fh,0A0h-0EFh,0110h-016Fh,0190h-01EFh \
  -AABS1=020h-07Fh,0A0h-0EFh,0110h-016Fh,0190h-01EFh -ASFR0=00h-01Fh \
  -ASFR1=080h-09Fh -ASFR2=0100h-010Fh -ASFR3=0180h-018Fh \
  -ACONFIG=02007h-02008h -DCONFIG=2 -AIDLOC=02000h-02003h -DIDLOC=2 \
  -AEEDATA=00h-0FFh/02100h -peeprom_data=EEDATA -DEEDATA=2 -DCODE=2 \
  -DSTRCODE=2 -DSTRING=2 -DCONST=2 -DENTRY=2 \
  -preset_vec=00h,intentry=04h,init,end_init -ppowerup=CODE -pcinit=CODE \
  -pfunctab=ENTRY -k C:\Users\fjltu\AppData\Local\Temp\xcAsfp0.o \
  dist/default/production\Lab0.X.production.o 

Object code version is 3.11

Machine type is 16F887



                Name                               Link     Load   Length Selector   Space Scale
C:\Users\fjltu\AppData\Local\Temp\xcAsfp0.o
                end_init                              C        C        3        8       0
                reset_vec                             0        0        3        0       0
                config                             2007     2007        2        0       4
dist/default/production\Lab0.X.production.o
                cinit                                 F        F       11        8       0
                intentry                              4        4        8        8       0
                config                             2007     2007        2        0       4
                text9                                20       20       5B        8       0
                text8                               135      135        B        8       0
                text7                               114      114       14        8       0
                text6                               14D      14D        5        8       0
                text5                               140      140        7        8       0
                text4                               128      128        D        8       0
                text3                               147      147        6        8       0
                text2                                F1       F1       23        8       0
                text1                                C9       C9       28        8       0
                maintext                             7B       7B       4E        8       0
                cstackCOMMON                         70       70        6       70       1
                dataCOMMON                           76       76        2       70       1
                bssCOMMON                            78       78        1       70       1
                idataCOMMON                         152      152        2        8       0

TOTAL           Name                               Link     Load   Length     Space
        CLASS   STACK          

        CLASS   CODE           
                end_init                              C        C        3         0
                cinit                                 F        F       11         0
                intentry                              4        4        8         0
                reset_vec                             0        0        3         0
                text9                                20       20       5B         0
                text8                               135      135        B         0
                text7                               114      114       14         0
                text6                               14D      14D        5         0
                text5                               140      140        7         0
                text4                               128      128        D         0
                text3                               147      147        6         0
                text2                                F1       F1       23         0
                text1                                C9       C9       28         0
                maintext                             7B       7B       4E         0
                idataCOMMON                         152      152        2         0

        CLASS   STRCODE        

        CLASS   STRING         

        CLASS   CONST          

        CLASS   ENTRY          

        CLASS   COMMON         
                cstackCOMMON                         70       70        6         1
                dataCOMMON                           76       76        2         1
                bssCOMMON                            78       78        1         1

        CLASS   BANK0          

        CLASS   BANK1          

        CLASS   BANK2          

        CLASS   BANK3          

        CLASS   RAM            

        CLASS   ABS1           
                abs_s1                               7E       7E        2         1

        CLASS   SFR0           

        CLASS   SFR1           

        CLASS   SFR2           

        CLASS   SFR3           

        CLASS   CONFIG         
                config                             2007     2007        2         4

        CLASS   IDLOC          

        CLASS   EEDATA         



SEGMENTS        Name                           Load    Length   Top    Selector   Space  Class     Delta

                reset_vec                      000000  000003  000003         0       0  CODE        2
                intentry                       000004  000150  000154         8       0  CODE        2
                cstackCOMMON                   000070  000009  000079        70       1  COMMON      1


UNUSED ADDRESS RANGES

        Name                Unused          Largest block    Delta
        BANK0            0020-006F             50           1
        BANK1            00A0-00EF             50           1
        BANK2            0110-016F             60           1
        BANK3            0190-01EF             60           1
        CODE             0003-0003              1           2
                         0154-1FFF            800
        COMMON           0079-007D              5           1
        CONST            0003-0003              1           2
                         0154-1FFF            100
        EEDATA           2100-21FF            100           2
        ENTRY            0003-0003              1           2
                         0154-1FFF            100
        IDLOC            2000-2003              4           2
        RAM              0020-006F             50           1
                         00A0-00EF             50
                         0110-016F             60
                         0190-01EF             60
        SFR0             0000-001F             20           1
        SFR1             0080-009F             20           1
        SFR2             0100-010F             10           1
        SFR3             0180-018F             10           1
        STACK            0110-016F             60           1
        STRCODE          0003-0003              1           2
                         0154-1FFF           1EAC
        STRING           0003-0003              1           2
                         0154-1FFF            100

                                  Symbol Table

_ANSEL                   (abs)        0188
_ANSELH                  (abs)        0189
_INTCONbits              (abs)        000B
_IOCB                    (abs)        0096
_OPTION_REGbits          (abs)        0081
_OSCCONbits              (abs)        008F
_PIE1bits                (abs)        008C
_PIR1bits                (abs)        000C
_PORTA                   (abs)        0005
_PORTAbits               (abs)        0005
_PORTB                   (abs)        0006
_PORTBbits               (abs)        0006
_PORTC                   (abs)        0007
_PORTD                   (abs)        0008
_PORTDbits               (abs)        0008
_PORTE                   (abs)        0009
_PORTEbits               (abs)        0009
_T1CONbits               (abs)        0010
_TMR1H                   (abs)        000F
_TMR1L                   (abs)        000E
_TRISA                   (abs)        0085
_TRISB                   (abs)        0086
_TRISC                   (abs)        0087
_TRISD                   (abs)        0088
_TRISE                   (abs)        0089
_WPUB                    (abs)        0095
__Habs1                  abs1         0000
__Hbank0                 bank0        0000
__Hbank1                 bank1        0000
__Hbank2                 bank2        0000
__Hbank3                 bank3        0000
__HbssCOMMON             bssCOMMON    0000
__Hcinit                 cinit        0020
__Hclrtext               clrtext      0000
__Hcode                  code         0000
__Hcommon                common       0000
__Hconfig                config       2009
__HcstackCOMMON          cstackCOMMON 0000
__HdataCOMMON            dataCOMMON   0000
__Heeprom_data           eeprom_data  0000
__Hend_init              end_init     000F
__Hfunctab               functab      0000
__HidataCOMMON           idataCOMMON  0000
__Hinit                  init         000C
__Hintentry              intentry     000C
__Hmaintext              maintext     0000
__Hpowerup               powerup      0000
__Hram                   ram          0000
__Hreset_vec             reset_vec    0003
__Hsfr0                  sfr0         0000
__Hsfr1                  sfr1         0000
__Hsfr2                  sfr2         0000
__Hsfr3                  sfr3         0000
__Hspace_0               (abs)        0154
__Hspace_1               (abs)        0079
__Hspace_2               (abs)        0000
__Hspace_3               (abs)        0000
__Hspace_4               (abs)        4010
__Hstack                 stack        0000
__Hstrings               strings      0000
__Htext                  text         0000
__Labs1                  abs1         0000
__Lbank0                 bank0        0000
__Lbank1                 bank1        0000
__Lbank2                 bank2        0000
__Lbank3                 bank3        0000
__LbssCOMMON             bssCOMMON    0000
__Lcinit                 cinit        000F
__Lclrtext               clrtext      0000
__Lcode                  code         0000
__Lcommon                common       0000
__Lconfig                config       0000
__LcstackCOMMON          cstackCOMMON 0000
__LdataCOMMON            dataCOMMON   0000
__Leeprom_data           eeprom_data  0000
__Lend_init              end_init     000C
__Lfunctab               functab      0000
__LidataCOMMON           idataCOMMON  0000
__Linit                  init         000C
__Lintentry              intentry     0004
__Lmaintext              maintext     0000
__Lpowerup               powerup      0000
__Lram                   ram          0000
__Lreset_vec             reset_vec    0000
__Lsfr0                  sfr0         0000
__Lsfr1                  sfr1         0000
__Lsfr2                  sfr2         0000
__Lsfr3                  sfr3         0000
__Lspace_0               (abs)        0000
__Lspace_1               (abs)        0000
__Lspace_2               (abs)        0000
__Lspace_3               (abs)        0000
__Lspace_4               (abs)        0000
__Lstack                 stack        0000
__Lstrings               strings      0000
__Ltext                  text         0000
__S0                     (abs)        0154
__S1                     (abs)        0079
__S2                     (abs)        0000
__S3                     (abs)        0000
___int_sp                stack        0000
___latbits               (abs)        0002
___sp                    stack        0000
___stackhi               (abs)        0000
___stacklo               (abs)        0000
__end_of__initialization cinit        001C
__end_of_config_int      text8        0140
__end_of_config_io       text7        0128
__end_of_config_iocb     text6        0152
__end_of_config_reloj    text5        0147
__end_of_config_tmr1     text4        0135
__end_of_config_wpub     text3        014D
__end_of_display         text2        0114
__end_of_isr             text9        007B
__end_of_main            maintext     00C9
__end_of_semaforo        text1        00F1
__initialization         cinit        000F
__pbssCOMMON             bssCOMMON    0078
__pcstackCOMMON          cstackCOMMON 0070
__pdataCOMMON            dataCOMMON   0076
__pidataCOMMON           idataCOMMON  0152
__pintentry              intentry     0004
__pmaintext              maintext     007B
__ptext1                 text1        00C9
__ptext2                 text2        00F1
__ptext3                 text3        0147
__ptext4                 text4        0128
__ptext5                 text5        0140
__ptext6                 text6        014D
__ptext7                 text7        0114
__ptext8                 text8        0135
__ptext9                 text9        0020
__size_of_config_int     (abs)        0000
__size_of_config_io      (abs)        0000
__size_of_config_iocb    (abs)        0000
__size_of_config_reloj   (abs)        0000
__size_of_config_tmr1    (abs)        0000
__size_of_config_wpub    (abs)        0000
__size_of_display        (abs)        0000
__size_of_isr            (abs)        0000
__size_of_main           (abs)        0000
__size_of_semaforo       (abs)        0000
_config_int              text8        0135
_config_io               text7        0114
_config_iocb             text6        014D
_config_reloj            text5        0140
_config_tmr1             text4        0128
_config_wpub             text3        0147
_contador                dataCOMMON   0076
_display                 text2        00F1
_iocbEnable              dataCOMMON   0077
_isr                     text9        0020
_main                    maintext     007B
_semaforo                text1        00C9
_timerEnable             bssCOMMON    0078
btemp                    (abs)        007E
display@valor            cstackCOMMON 0075
end_of_initialization    cinit        001C
interrupt_function       intentry     0004
intlevel0                functab      0000
intlevel1                functab      0000
intlevel2                functab      0000
intlevel3                functab      0000
intlevel4                functab      0000
intlevel5                functab      0000
reset_vec                reset_vec    0000
saved_w                  (abs)        007E
semaforo@num             cstackCOMMON 0075
start                    init         000C
start_initialization     cinit        000F
wtemp0                   (abs)        007E


MODULE INFORMATION

Module		Function		Class		Link	Load	Size
shared
		__initialization		CODE           	000F	0000	13

shared estimated size: 13

Lab0.c
		_display       		CODE           	00F1	0000	35
		_main          		CODE           	007B	0000	78
		_isr           		CODE           	0020	0000	91
		_semaforo      		CODE           	00C9	0000	40
		_config_io     		CODE           	0114	0000	20
		_config_int    		CODE           	0135	0000	11
		_config_tmr1   		CODE           	0128	0000	13
		_config_iocb   		CODE           	014D	0000	5
		_config_wpub   		CODE           	0147	0000	6
		_config_reloj  		CODE           	0140	0000	7

Lab0.c estimated size: 306

